parametric study successful
optimizer successful
DOE successful
