A second value at input 'design_variable' of type 'constant' received. Only one value is allowed. First: '0.0'