A new value at input 'x' of type 'single' received, but the current one was not consumed yet